// Jest Snapshot v1, https://goo.gl/fbAQLP

exports[`Input Test 1`] = `
.c0 {
  width: 100%;
}

.c1 {
  width: 100%;
  color: var(--oversoft-grey-scale-dark-grey, #333);
  leading-trim: both;
  text-edge: cap;
  font-family: Rubik;
  font-size: 12px;
  font-style: normal;
  font-weight: 500;
  line-height: 20px;
}

.c2 {
  display: flex;
  height: 30px;
  width: 100%;
  justify-content: flex-end;
  align-items: center;
  gap: 8px;
  align-self: stretch;
  border-radius: 8px;
  border: 1px solid var(--oversoft-grey-scale-stroke-grey, rgba(198, 196, 196, 0.53));
  outline: none;
}

<div>
  <div
    class="c0"
  >
    <label
      class="c1"
    >
      Name
    </label>
    <input
      class="c2"
      data-testid="Name"
      type="text"
      value="value"
    />
  </div>
</div>
`;
